\set ECHO none
ok 1 - Ensure role is put back after install
ok 2 - Security definer function _tf.schema__getsert has search_path=pg_catalog
ok 3 - Security definer function _tf.test_factory__get has search_path=pg_catalog
ok 4 - Security definer function _tf.test_factory__set has search_path=pg_catalog
ok 5 - Security definer function _tf.table_create has search_path=pg_catalog
ok 6 - Security definer function _tf.get has search_path=pg_catalog
ok 7 - Register test customers
ok 8 - Create function customer__add
ok 9 - Register test invoices
ok 10 - customer table is empty
ok 11 - invoice table is empty
ok 12 - invoice factory output
ok 13 - invoice table content
ok 14 - customer table content
ok 15 - invoice factory second call
ok 16 - invoice table content stayed constant
ok 17 - customer table content stayed constant
ok 18 - Test function factory
ok 19 - customer table has new row
ok 20 - truncate invoice
ok 21 - invoice factory get remains the same after truncate
